// Bun Snapshot v1, https://goo.gl/fbAQLP

exports[`the ContextMenu class builds a context menu with a template that matches its snapshot 1`] = `
[
  {
    "id": "menu-item-1",
    "label": "Normal 1",
    "type": "normal",
  },
  {
    "id": "menu-item-2",
    "label": "Normal 2",
    "type": "normal",
  },
  {
    "id": "menu-item-3",
    "label": "Normal 3",
    "type": "normal",
    "visible": false,
  },
  {
    "id": "menu-item-4",
    "role": "copy",
  },
  {
    "id": "menu-item-5",
    "role": "paste",
  },
  {
    "id": "menu-item-6",
    "type": "separator",
  },
  {
    "checked": true,
    "id": "menu-item-7",
    "label": "Check 1",
    "type": "checkbox",
  },
  {
    "checked": false,
    "id": "menu-item-8",
    "label": "Check 2",
    "type": "checkbox",
  },
  {
    "id": "menu-item-9",
    "submenu": [
      {
        "checked": true,
        "id": "menu-item-10",
        "label": "Radio 1",
        "type": "radio",
      },
      {
        "checked": false,
        "id": "menu-item-11",
        "label": "Radio 2",
        "type": "radio",
      },
      {
        "checked": false,
        "id": "menu-item-12",
        "label": "Radio 3",
        "type": "radio",
      },
    ],
    "type": "submenu",
  },
]
`;
